{
    "installation": {
        "installer_command": "yarn"
    },
    "build": {
        "build_script_list": [
            "build"
        ]
    },
    "testing": {
        "test": {
            "num_passing": 265,
            "num_failing": 0,
            "test_infras": [
                "jest"
            ],
            "timed_out": false
        },
        "test:coverage": {
            "num_passing": 265,
            "num_failing": 0,
            "test_infras": [
                "jest"
            ],
            "timed_out": false
        },
        "tslint": {
            "test_linters": [
                "tslint -- linter"
            ],
            "RUNS_NEW_USER_TESTS": false,
            "timed_out": false
        }
    },
    "metadata": {
        "package_name": "memfs",
        "repo_link": "https://github.com/streamich/memfs",
        "num_dependents": 122
    }
}